[    3.3s] world grid 11520001 samples, -35.0..85.0 s world
[   14.7s] surfaces classified
[   65.0s] engine: 31 upshifts, 24 downshifts, 14351 rpm max
[   75.0s] tyres
[   79.4s] glass pane: 351 modes, f11 = 7.48 Hz
[   84.4s] assembly: 616 part impacts
[   88.7s] breach: 995 shard contacts in 3.15 s of world time
[  101.6s] warped world -> film
[  158.0s] engine propagated
[  216.7s] tyres propagated
[  839.7s] breach propagated
[  927.5s] garage reflection
[ 1018.8s] showroom reflection
[ 1083.9s] showroom acoustic
[ 1096.9s] wind + bed
[ 1207.2s] crowd
[ 1273.6s] fence
[ 1279.1s] pre-mix: peak 7.699, -13.58 LUFS, short-term range 35.4 dB
[ 1280.9s] program gain
[ 1335.6s] internal: -14.07 LUFS, tp -1.15 dBTP
[ 1343.4s] WROTE audio/out/ab/master_A_nolapdown.wav  124.083 s  -14.05 LUFS  -1.13 dBTP
>> report audio/out/ab/report_A_nolapdown.json
>> STAGE RESULT: AUDIO_MASTER_OK -14.05 LUFS -1.13 dBTP
