=== buildlock: audio-master-R2-4056-final ===  available 9464 MB, swap free 39836 MB
[    3.3s] world grid 11520001 samples, -35.0..85.0 s world
[    7.8s] surfaces classified
[   48.4s] engine: 31 upshifts, 31 downshifts, 14351 rpm max
[   54.7s] brakes: active 0.178 of world; suspension: 16 load events
[   72.4s] tyres
[   82.5s] glass pane: 5605 modes to 17992 Hz, f11 = 7.48 Hz, 400 rendered, density 0.312/Hz
[   85.3s] assembly: 616 part impacts
[   95.4s] breach: 995 shard contacts over 3.15 s world = 9.52 s film
[  103.3s] warped world -> film (sustained sources only)
[  157.1s]   engine           PEAK CRITERION: LUFS target wanted +25.06 dB, peak ceiling allows +21.03 dB -- the meter is under-reading this bus by 4.03 dB
[  157.2s] engine propagated
[  211.5s] tyres propagated
[  360.1s] brakes + suspension propagated
[  538.4s]   structure        MIX TRIM -16.99 dB EXCEEDS THE 12 dB LIMIT (G15) -- this bus is being pushed 17.0 dB away from its own peak-normalised level (raw trim +62.51 dB, of which +79.51 dB is unit conversion)
[  630.1s]   impact           PEAK CRITERION: LUFS target wanted +21.13 dB, peak ceiling allows -4.67 dB -- the meter is under-reading this bus by 25.81 dB
[  970.8s]   shards           PEAK CRITERION: LUFS target wanted -26.91 dB, peak ceiling allows -30.80 dB -- the meter is under-reading this bus by 3.88 dB
[ 1060.0s]   debris           PEAK CRITERION: LUFS target wanted +28.56 dB, peak ceiling allows +24.55 dB -- the meter is under-reading this bus by 4.01 dB
[ 1060.2s] breach propagated
[ 1148.3s] garage reflection
[ 1238.8s]   reflect_showroom PEAK CRITERION: LUFS target wanted +9.86 dB, peak ceiling allows +9.79 dB -- the meter is under-reading this bus by 0.07 dB
[ 1239.0s] showroom reflection
[ 1249.3s]   room             MIX TRIM -14.27 dB EXCEEDS THE 12 dB LIMIT (G15) -- this bus is being pushed 14.3 dB away from its own peak-normalised level (raw trim -13.54 dB, of which +0.73 dB is unit conversion)
[ 1305.2s] showroom acoustic
[ 1317.2s]   wind             MIX TRIM -13.18 dB EXCEEDS THE 12 dB LIMIT (G15) -- this bus is being pushed 13.2 dB away from its own peak-normalised level (raw trim -36.58 dB, of which -23.40 dB is unit conversion)
[ 1321.4s]   bed              MIX TRIM -20.72 dB EXCEEDS THE 12 dB LIMIT (G15) -- this bus is being pushed 20.7 dB away from its own peak-normalised level (raw trim +15.57 dB, of which +36.29 dB is unit conversion)
[ 1321.6s] wind + bed
[ 1439.2s] crowd
[ 1507.4s] fence
[ 1513.1s] pre-mix: peak 1.474, -18.21 LUFS, short-term range 28.4 dB
[ 1514.6s] 30 Hz high-pass: peak 1.474 -> 1.496 (+0.12 dB), -18.21 -> -18.21 LUFS
[ 1516.1s] program gain
[ 1565.7s]   LIMITER GAIN REDUCTION -11.88 dB EXCEEDS THE 3 dB LIMIT (G1) -- the mix is too hot for one pass, which is a MIX failure and not a limiter setting
[ 1574.3s] internal: -14.08 LUFS, tp -1.15 dBTP
[ 1584.7s]   G1_limiter_gr_le_3db             FAIL  -11.875999300103128
[ 1584.7s]   G14_premix_peak_le_plus6dbfs     PASS  3.372576370982083
[ 1584.7s]   G15_bus_trim                     PASS  ['bed', 'room', 'structure', 'wind']
[ 1584.9s] WROTE audio/out/r2_4021/master_R2-4056.wav  124.083 s  -14.00 LUFS  -1.10 dBTP
>> report audio/out/r2_4021/report_R2-4056.json
>> STAGE RESULT: AUDIO_MASTER_MIX_FAILURE -14.00 LUFS -1.10 dBTP limiterGR -11.88 dB
   FAILED G1_limiter_gr_le_3db: -11.875999300103128 (limit -3.0)
>> STAGE RESULT: BUILDLOCK RELEASED  audio-master-R2-4056-final rc=1  (available 9264 MB)
