=== buildlock: audio-master-R2-4057 ===  available 9419 MB, swap free 39837 MB
[    3.3s] world grid 11520001 samples, -35.0..85.0 s world
[    7.9s] surfaces classified
[   50.1s] engine: 31 upshifts, 31 downshifts, 14351 rpm max
[   56.5s] brakes: active 0.178 of world; suspension: 16 load events
[   74.7s] tyres
[   85.0s] glass pane: 5605 modes to 17992 Hz, f11 = 7.48 Hz, 400 rendered, density 0.312/Hz
[   87.8s] assembly: 616 part impacts
[   97.9s] breach: 995 shard contacts over 3.15 s world = 9.52 s film
[  105.8s] warped world -> film (sustained sources only)
[  159.6s]   engine           PEAK CRITERION: LUFS target wanted +25.06 dB, peak ceiling allows +21.03 dB -- the meter is under-reading this bus by 4.03 dB
[  159.6s] engine propagated
[  213.6s] tyres propagated
[  360.1s] brakes + suspension propagated
[  536.4s]   structure        MIX TRIM -16.99 dB EXCEEDS THE 12 dB LIMIT (G15) -- this bus is being pushed 17.0 dB away from its own peak-normalised level (raw trim +62.51 dB, of which +79.51 dB is unit conversion)
[  627.9s]   impact           PEAK CRITERION: LUFS target wanted +21.13 dB, peak ceiling allows -4.67 dB -- the meter is under-reading this bus by 25.81 dB
[  966.7s]   shards           PEAK CRITERION: LUFS target wanted -26.91 dB, peak ceiling allows -30.80 dB -- the meter is under-reading this bus by 3.88 dB
[ 1055.4s] breach propagated
[ 1143.1s] garage reflection
[ 1233.4s]   reflect_showroom PEAK CRITERION: LUFS target wanted +9.86 dB, peak ceiling allows +9.79 dB -- the meter is under-reading this bus by 0.07 dB
[ 1233.4s] showroom reflection
[ 1243.8s]   room             MIX TRIM -14.27 dB EXCEEDS THE 12 dB LIMIT (G15) -- this bus is being pushed 14.3 dB away from its own peak-normalised level (raw trim -13.54 dB, of which +0.73 dB is unit conversion)
[ 1299.9s] showroom acoustic
[ 1311.6s]   wind             MIX TRIM -13.18 dB EXCEEDS THE 12 dB LIMIT (G15) -- this bus is being pushed 13.2 dB away from its own peak-normalised level (raw trim -36.58 dB, of which -23.40 dB is unit conversion)
[ 1315.7s]   bed              MIX TRIM -20.72 dB EXCEEDS THE 12 dB LIMIT (G15) -- this bus is being pushed 20.7 dB away from its own peak-normalised level (raw trim +15.57 dB, of which +36.29 dB is unit conversion)
[ 1315.7s] wind + bed
[ 1431.6s] crowd
[ 1499.1s] fence
[ 1504.6s] pre-mix: peak 1.740, -17.65 LUFS, short-term range 28.7 dB
[ 1506.2s] 30 Hz high-pass: peak 1.740 -> 1.541 (-1.05 dB), -17.65 -> -17.64 LUFS
[ 1507.8s] program gain
[ 1557.6s]   LIMITER GAIN REDUCTION -11.72 dB EXCEEDS THE 3 dB LIMIT (G1) -- the mix is too hot for one pass, which is a MIX failure and not a limiter setting
[ 1566.2s] internal: -14.09 LUFS, tp -1.15 dBTP
[ 1576.7s]   G1_limiter_gr_le_3db             FAIL  -11.722184332272828
[ 1576.7s]   G14_premix_peak_le_plus6dbfs     PASS  4.80991261338904
[ 1576.7s]   G15_bus_trim                     PASS  ['bed', 'room', 'structure', 'wind']
[ 1576.9s] WROTE audio/out/r2_4021/master_R2-4057.wav  124.083 s  -14.01 LUFS  -1.10 dBTP
>> report audio/out/r2_4021/report_R2-4057.json
>> STAGE RESULT: AUDIO_MASTER_MIX_FAILURE -14.01 LUFS -1.10 dBTP limiterGR -11.72 dB
   FAILED G1_limiter_gr_le_3db: -11.722184332272828 (limit -3.0)
>> STAGE RESULT: BUILDLOCK RELEASED  audio-master-R2-4057 rc=1  (available 9267 MB)
