=== buildlock: audio-master-R2-4059 ===  available 9305 MB, swap free 39838 MB
[    3.3s] world grid 11520001 samples, -35.0..85.0 s world
[    8.0s] surfaces classified
[   48.6s] engine: 31 upshifts, 31 downshifts, 14351 rpm max
[   54.9s] brakes: active 0.178 of world; suspension: 16 load events
[   72.8s] tyres
[   82.8s] glass pane: 5605 modes to 17992 Hz, f11 = 7.48 Hz, 400 rendered, density 0.312/Hz
[   85.7s] assembly: 616 part impacts
[   95.7s] breach: 995 shard contacts over 3.15 s world = 9.52 s film
[  103.6s] warped world -> film (sustained sources only)
[  157.2s]   engine           PEAK CRITERION: LUFS target wanted +25.06 dB, peak ceiling allows +21.03 dB -- the meter is under-reading this bus by 4.03 dB
[  157.4s] engine propagated
[  211.7s] tyres propagated
[  360.6s]   suspension       MIX TRIM -15.71 dB EXCEEDS THE 12 dB LIMIT (G15) -- this bus is being pushed 15.7 dB away from its own peak-normalised level (raw trim +15.19 dB, of which +30.90 dB is unit conversion)
[  360.7s] brakes + suspension propagated
[  539.5s]   structure        MIX TRIM -16.99 dB EXCEEDS THE 12 dB LIMIT (G15) -- this bus is being pushed 17.0 dB away from its own peak-normalised level (raw trim +62.51 dB, of which +79.51 dB is unit conversion)
[  632.3s]   impact           PEAK CRITERION: LUFS target wanted +21.13 dB, peak ceiling allows -4.67 dB -- the meter is under-reading this bus by 25.81 dB
[  975.3s]   shards           PEAK CRITERION: LUFS target wanted -26.91 dB, peak ceiling allows -30.80 dB -- the meter is under-reading this bus by 3.88 dB
[ 1065.2s]   debris           PEAK CRITERION: LUFS target wanted +25.50 dB, peak ceiling allows +24.14 dB -- the meter is under-reading this bus by 1.37 dB
[ 1065.3s] breach propagated
[ 1154.2s] garage reflection
[ 1245.8s]   reflect_showroom PEAK CRITERION: LUFS target wanted +9.86 dB, peak ceiling allows +9.79 dB -- the meter is under-reading this bus by 0.07 dB
[ 1246.0s] showroom reflection
[ 1256.2s]   room             MIX TRIM -14.27 dB EXCEEDS THE 12 dB LIMIT (G15) -- this bus is being pushed 14.3 dB away from its own peak-normalised level (raw trim -13.54 dB, of which +0.73 dB is unit conversion)
[ 1313.4s] showroom acoustic
[ 1325.6s]   wind             MIX TRIM -13.18 dB EXCEEDS THE 12 dB LIMIT (G15) -- this bus is being pushed 13.2 dB away from its own peak-normalised level (raw trim -36.58 dB, of which -23.40 dB is unit conversion)
[ 1329.9s]   bed              MIX TRIM -20.72 dB EXCEEDS THE 12 dB LIMIT (G15) -- this bus is being pushed 20.7 dB away from its own peak-normalised level (raw trim +15.57 dB, of which +36.29 dB is unit conversion)
[ 1330.1s] wind + bed
[ 1448.4s] crowd
[ 1517.7s] fence
[ 1523.3s] pre-mix: peak 1.654, -17.93 LUFS, short-term range 28.5 dB
[ 1524.8s] 30 Hz high-pass: peak 1.654 -> 1.647 (-0.04 dB), -17.93 -> -17.93 LUFS
[ 1526.4s] program gain
[ 1576.3s]   LIMITER GAIN REDUCTION -11.62 dB EXCEEDS THE 3 dB LIMIT (G1) -- the mix is too hot for one pass, which is a MIX failure and not a limiter setting
[ 1584.9s] internal: -14.07 LUFS, tp -1.15 dBTP
[ 1595.4s]   G1_limiter_gr_le_3db             FAIL  -11.616375602701549
[ 1595.4s]   G14_premix_peak_le_plus6dbfs     PASS  4.372128782427123
[ 1595.4s]   G15_bus_trim                     PASS  ['bed', 'room', 'structure', 'suspension', 'wind']
[ 1595.6s] WROTE audio/out/r2_4021/master_R2-4059.wav  124.083 s  -14.00 LUFS  -1.10 dBTP
>> report audio/out/r2_4021/report_R2-4059.json
>> STAGE RESULT: AUDIO_MASTER_MIX_FAILURE -14.00 LUFS -1.10 dBTP limiterGR -11.62 dB
   FAILED G1_limiter_gr_le_3db: -11.616375602701549 (limit -3.0)
>> STAGE RESULT: BUILDLOCK RELEASED  audio-master-R2-4059 rc=1  (available 9318 MB)
