00:00.576  blend            | Read blend: "~/opus5-car-render/work/iter.blend"
>> cluster           proj m2 mats  margin   direction
   FD                 7.5687    3  0.0085   [0.10193, 0.0, 0.99479]
   MB                 5.1153    3  0.0015   [0.10193, 0.0, 0.99479]
   SP                 2.7080    5  0.0025   [0.10193, 0.0, 0.99479]
   CORNER_RL          1.8413    8  0.0004   [0.14387, -0.6395, 0.75521]
   CORNER_RR          1.8398    8  0.0020   [-0.27048, 0.6463, 0.71354]
   FW                 1.8186    1  0.0036   [0.16279, 0.21233, 0.96354]
   EC                 1.6601    5  0.0174   [-0.02791, 0.6035, 0.79688]
   CORNER_FL          1.5204    8  0.0148   [-0.74486, 0.38225, 0.54688]
   BB                 1.5176    3  0.0042   [-0.0939, 0.34931, 0.93229]
   CORNER_FR          1.5095    8  0.0011   [-0.77427, -0.36694, 0.51562]
   CI                 1.3271    3  0.0044   [0.19274, -0.41187, 0.89062]
   RW                 1.0639    3  0.0005   [0.12703, 0.73915, 0.66146]
   NOSE               0.5329    4  0.0086   [0.10193, 0.0, 0.99479]
   halo_assembly      0.5137    5  0.0065   [0.12658, -0.90727, 0.40104]
   SW                 0.1894    6  0.0003   [-0.87927, 0.10958, 0.46354]
>> wrote docs/presentation_normals.json
>> STAGE RESULT: PRESENTATION_NORMALS_OK
Blender 5.2.0 LTS (hash fbe6228777e7 built 2026-07-14 01:32:04)

Blender quit
